------------------------------------------------------------
TimeQuest Timing Analyzer Summary
------------------------------------------------------------

Type  : Slow 1100mV 85C Model Setup 'main:inst|counter:counter_1|clk_out'
Slack : -5.131
TNS   : -235.351

Type  : Slow 1100mV 85C Model Setup 'inst2|pll_inst|altera_pll_i|general[0].gpll~PLL_OUTPUT_COUNTER|divclk'
Slack : -3.598
TNS   : -141.527

Type  : Slow 1100mV 85C Model Setup 'main:inst|clock_divider:clock|clk_out'
Slack : -1.935
TNS   : -24.332

Type  : Slow 1100mV 85C Model Hold 'inst2|pll_inst|altera_pll_i|general[0].gpll~PLL_OUTPUT_COUNTER|divclk'
Slack : -1.587
TNS   : -54.120

Type  : Slow 1100mV 85C Model Hold 'main:inst|counter:counter_1|clk_out'
Slack : 0.469
TNS   : 0.000

Type  : Slow 1100mV 85C Model Hold 'main:inst|clock_divider:clock|clk_out'
Slack : 0.595
TNS   : 0.000

Type  : Slow 1100mV 85C Model Recovery 'main:inst|counter:counter_1|clk_out'
Slack : -1.850
TNS   : -157.110

Type  : Slow 1100mV 85C Model Removal 'main:inst|counter:counter_1|clk_out'
Slack : 0.603
TNS   : 0.000

Type  : Slow 1100mV 85C Model Minimum Pulse Width 'main:inst|counter:counter_1|clk_out'
Slack : -2.225
TNS   : -165.450

Type  : Slow 1100mV 85C Model Minimum Pulse Width 'main:inst|clock_divider:clock|clk_out'
Slack : -0.394
TNS   : -9.422

Type  : Slow 1100mV 85C Model Minimum Pulse Width 'inst2|pll_inst|altera_pll_i|general[0].gpll~FRACTIONAL_PLL|vcoph[0]'
Slack : 1.666
TNS   : 0.000

Type  : Slow 1100mV 85C Model Minimum Pulse Width 'CLOCK_50'
Slack : 9.670
TNS   : 0.000

Type  : Slow 1100mV 85C Model Minimum Pulse Width 'inst2|pll_inst|altera_pll_i|general[0].gpll~PLL_OUTPUT_COUNTER|divclk'
Slack : 99.294
TNS   : 0.000

Type  : Slow 1100mV 0C Model Setup 'main:inst|counter:counter_1|clk_out'
Slack : -5.341
TNS   : -226.322

Type  : Slow 1100mV 0C Model Setup 'inst2|pll_inst|altera_pll_i|general[0].gpll~PLL_OUTPUT_COUNTER|divclk'
Slack : -3.361
TNS   : -131.088

Type  : Slow 1100mV 0C Model Setup 'main:inst|clock_divider:clock|clk_out'
Slack : -1.943
TNS   : -24.342

Type  : Slow 1100mV 0C Model Hold 'inst2|pll_inst|altera_pll_i|general[0].gpll~PLL_OUTPUT_COUNTER|divclk'
Slack : -1.676
TNS   : -57.583

Type  : Slow 1100mV 0C Model Hold 'main:inst|counter:counter_1|clk_out'
Slack : 0.432
TNS   : 0.000

Type  : Slow 1100mV 0C Model Hold 'main:inst|clock_divider:clock|clk_out'
Slack : 0.568
TNS   : 0.000

Type  : Slow 1100mV 0C Model Recovery 'main:inst|counter:counter_1|clk_out'
Slack : -1.726
TNS   : -146.774

Type  : Slow 1100mV 0C Model Removal 'main:inst|counter:counter_1|clk_out'
Slack : 0.483
TNS   : 0.000

Type  : Slow 1100mV 0C Model Minimum Pulse Width 'main:inst|counter:counter_1|clk_out'
Slack : -2.225
TNS   : -165.520

Type  : Slow 1100mV 0C Model Minimum Pulse Width 'main:inst|clock_divider:clock|clk_out'
Slack : -0.394
TNS   : -9.354

Type  : Slow 1100mV 0C Model Minimum Pulse Width 'inst2|pll_inst|altera_pll_i|general[0].gpll~FRACTIONAL_PLL|vcoph[0]'
Slack : 1.666
TNS   : 0.000

Type  : Slow 1100mV 0C Model Minimum Pulse Width 'CLOCK_50'
Slack : 9.673
TNS   : 0.000

Type  : Slow 1100mV 0C Model Minimum Pulse Width 'inst2|pll_inst|altera_pll_i|general[0].gpll~PLL_OUTPUT_COUNTER|divclk'
Slack : 99.252
TNS   : 0.000

Type  : Fast 1100mV 85C Model Setup 'main:inst|counter:counter_1|clk_out'
Slack : -2.569
TNS   : -117.696

Type  : Fast 1100mV 85C Model Setup 'inst2|pll_inst|altera_pll_i|general[0].gpll~PLL_OUTPUT_COUNTER|divclk'
Slack : -2.261
TNS   : -89.617

Type  : Fast 1100mV 85C Model Setup 'main:inst|clock_divider:clock|clk_out'
Slack : -0.937
TNS   : -8.557

Type  : Fast 1100mV 85C Model Hold 'inst2|pll_inst|altera_pll_i|general[0].gpll~PLL_OUTPUT_COUNTER|divclk'
Slack : -0.748
TNS   : -24.075

Type  : Fast 1100mV 85C Model Hold 'main:inst|counter:counter_1|clk_out'
Slack : 0.179
TNS   : 0.000

Type  : Fast 1100mV 85C Model Hold 'main:inst|clock_divider:clock|clk_out'
Slack : 0.276
TNS   : 0.000

Type  : Fast 1100mV 85C Model Recovery 'main:inst|counter:counter_1|clk_out'
Slack : -0.830
TNS   : -70.476

Type  : Fast 1100mV 85C Model Removal 'main:inst|counter:counter_1|clk_out'
Slack : 0.177
TNS   : 0.000

Type  : Fast 1100mV 85C Model Minimum Pulse Width 'main:inst|counter:counter_1|clk_out'
Slack : -1.702
TNS   : -115.736

Type  : Fast 1100mV 85C Model Minimum Pulse Width 'main:inst|clock_divider:clock|clk_out'
Slack : 0.092
TNS   : 0.000

Type  : Fast 1100mV 85C Model Minimum Pulse Width 'inst2|pll_inst|altera_pll_i|general[0].gpll~FRACTIONAL_PLL|vcoph[0]'
Slack : 1.666
TNS   : 0.000

Type  : Fast 1100mV 85C Model Minimum Pulse Width 'CLOCK_50'
Slack : 9.336
TNS   : 0.000

Type  : Fast 1100mV 85C Model Minimum Pulse Width 'inst2|pll_inst|altera_pll_i|general[0].gpll~PLL_OUTPUT_COUNTER|divclk'
Slack : 99.550
TNS   : 0.000

Type  : Fast 1100mV 0C Model Setup 'main:inst|counter:counter_1|clk_out'
Slack : -2.438
TNS   : -98.859

Type  : Fast 1100mV 0C Model Setup 'inst2|pll_inst|altera_pll_i|general[0].gpll~PLL_OUTPUT_COUNTER|divclk'
Slack : -1.936
TNS   : -76.931

Type  : Fast 1100mV 0C Model Setup 'main:inst|clock_divider:clock|clk_out'
Slack : -0.771
TNS   : -7.088

Type  : Fast 1100mV 0C Model Hold 'inst2|pll_inst|altera_pll_i|general[0].gpll~PLL_OUTPUT_COUNTER|divclk'
Slack : -0.761
TNS   : -25.198

Type  : Fast 1100mV 0C Model Hold 'main:inst|counter:counter_1|clk_out'
Slack : 0.064
TNS   : 0.000

Type  : Fast 1100mV 0C Model Hold 'main:inst|clock_divider:clock|clk_out'
Slack : 0.240
TNS   : 0.000

Type  : Fast 1100mV 0C Model Recovery 'main:inst|counter:counter_1|clk_out'
Slack : -0.669
TNS   : -56.226

Type  : Fast 1100mV 0C Model Removal 'main:inst|counter:counter_1|clk_out'
Slack : 0.094
TNS   : 0.000

Type  : Fast 1100mV 0C Model Minimum Pulse Width 'main:inst|counter:counter_1|clk_out'
Slack : -1.702
TNS   : -115.736

Type  : Fast 1100mV 0C Model Minimum Pulse Width 'main:inst|clock_divider:clock|clk_out'
Slack : 0.110
TNS   : 0.000

Type  : Fast 1100mV 0C Model Minimum Pulse Width 'inst2|pll_inst|altera_pll_i|general[0].gpll~FRACTIONAL_PLL|vcoph[0]'
Slack : 1.666
TNS   : 0.000

Type  : Fast 1100mV 0C Model Minimum Pulse Width 'CLOCK_50'
Slack : 9.286
TNS   : 0.000

Type  : Fast 1100mV 0C Model Minimum Pulse Width 'inst2|pll_inst|altera_pll_i|general[0].gpll~PLL_OUTPUT_COUNTER|divclk'
Slack : 99.540
TNS   : 0.000

------------------------------------------------------------
